[1H[J                        
                        
* *                     
 **                     
 *                      
                        
                        
                        
                        
                        
                        
                        
                        
                        
                        
                        
                        
                        
                        
                        
                        
                        
                        
                        
[1H[J                        
                        
  *                     
* *                     
 **                     
                        
                        
                        
                        
                        
                        
                        
                        
                        
                        
                        
                        
                        
                        
                        
                        
                        
                        
                        
[1H[J                        
                        
 *                      
  **                    
 **                     
                        
                        
                        
                        
                        
                        
                        
                        
                        
                        
                        
                        
                        
                        
                        
                        
                        
                        
                        
[1H[J                        
                        
  *                     
   *                    
 ***                    
                        
                        
                        
                        
                        
                        
                        
                        
                        
                        
                        
                        
                        
                        
                        
                        
                        
                        
                        
[1H[J                        
                        
                        
 * *                    
  **                    
  *                     
                        
                        
                        
                        
                        
                        
                        
                        
                        
                        
                        
                        
                        
                        
                        
                        
                        
                        
[1H[J                        
                        
                        
   *                    
 * *                    
  **                    
                        
                        
                        
                        
                        
                        
                        
                        
                        
                        
                        
                        
                        
                        
                        
                        
                        
                        
[1H[J                        
                        
                        
  *                     
   **                   
  **                    
                        
                        
                        
                        
                        
                        
                        
                        
                        
                        
                        
                        
                        
                        
                        
                        
                        
                        
[1H[J                        
                        
                        
   *                    
    *                   
  ***                   
                        
                        
                        
                        
                        
                        
                        
                        
                        
                        
                        
                        
                        
                        
                        
                        
                        
                        
[1H[J                        
                        
                        
                        
  * *                   
   **                   
   *                    
                        
                        
                        
                        
                        
                        
                        
                        
                        
                        
                        
                        
                        
                        
                        
                        
                        
[1H[J                        
                        
                        
                        
    *                   
  * *                   
   **                   
                        
                        
                        
                        
                        
                        
                        
                        
                        
                        
                        
                        
                        
                        
                        
                        
                        
[1H[J                        
                        
                        
                        
   *                    
    **                  
   **                   
                        
                        
                        
                        
                        
                        
                        
                        
                        
                        
                        
                        
                        
                        
                        
                        
                        
[1H[J                        
                        
                        
                        
    *                   
     *                  
   ***                  
                        
                        
                        
                        
                        
                        
                        
                        
                        
                        
                        
                        
                        
                        
                        
                        
                        
[1H[J                        
                        
                        
                        
                        
   * *                  
    **                  
    *                   
                        
                        
                        
                        
                        
                        
                        
                        
                        
                        
                        
                        
                        
                        
                        
                        
[1H[J                        
                        
                        
                        
                        
     *                  
   * *                  
    **                  
                        
                        
                        
                        
                        
                        
                        
                        
                        
                        
                        
                        
                        
                        
                        
                        
[1H[J                        
                        
                        
                        
                        
    *                   
     **                 
    **                  
                        
                        
                        
                        
                        
                        
                        
                        
                        
                        
                        
                        
                        
                        
                        
                        
[1H[J                        
                        
                        
                        
                        
     *                  
      *                 
    ***                 
                        
                        
                        
                        
                        
                        
                        
                        
                        
                        
                        
                        
                        
                        
                        
                        
[1H[J                        
                        
                        
                        
                        
                        
    * *                 
     **                 
     *                  
                        
                        
                        
                        
                        
                        
                        
                        
                        
                        
                        
                        
                        
                        
                        
[1H[J                        
                        
                        
                        
                        
                        
      *                 
    * *                 
     **                 
                        
                        
                        
                        
                        
                        
                        
                        
                        
                        
                        
                        
                        
                        
                        
[1H[J                        
                        
                        
                        
                        
                        
     *                  
      **                
     **                 
                        
                        
                        
                        
                        
                        
                        
                        
                        
                        
                        
                        
                        
                        
                        
[1H[J                        
                        
                        
                        
                        
                        
      *                 
       *                
     ***                
                        
                        
                        
                        
                        
                        
                        
                        
                        
                        
                        
                        
                        
                        
                        
[1H[J                        
                        
                        
                        
                        
                        
                        
     * *                
      **                
      *                 
                        
                        
                        
                        
                        
                        
                        
                        
                        
                        
                        
                        
                        
                        
[1H[J                        
                        
                        
                        
                        
                        
                        
       *                
     * *                
      **                
                        
                        
                        
                        
                        
                        
                        
                        
                        
                        
                        
                        
                        
                        
[1H[J                        
                        
                        
                        
                        
                        
                        
      *                 
       **               
      **                
                        
                        
                        
                        
                        
                        
                        
                        
                        
                        
                        
                        
                        
                        
[1H[J                        
                        
                        
                        
                        
                        
                        
       *                
        *               
      ***               
                        
                        
                        
                        
                        
                        
                        
                        
                        
                        
                        
                        
                        
                        
[1H[J                        
                        
                        
                        
                        
                        
                        
                        
      * *               
       **               
       *                
                        
                        
                        
                        
                        
                        
                        
                        
                        
                        
                        
                        
                        
[1H[J                        
                        
                        
                        
                        
                        
                        
                        
        *               
      * *               
       **               
                        
                        
                        
                        
                        
                        
                        
                        
                        
                        
                        
                        
                        
[1H[J                        
                        
                        
                        
                        
                        
                        
                        
       *                
        **              
       **               
                        
                        
                        
                        
                        
                        
                        
                        
                        
                        
                        
                        
                        
[1H[J                        
                        
                        
                        
                        
                        
                        
                        
        *               
         *              
       ***              
                        
                        
                        
                        
                        
                        
                        
                        
                        
                        
                        
                        
                        
[1H[J                        
                        
                        
                        
                        
                        
                        
                        
                        
       * *              
        **              
        *               
                        
                        
                        
                        
                        
                        
                        
                        
                        
                        
                        
                        
[1H[J                        
                        
                        
                        
                        
                        
                        
                        
                        
         *              
       * *              
        **              
                        
                        
                        
                        
                        
                        
                        
                        
                        
                        
                        
                        
[1H[J                        
                        
                        
                        
                        
                        
                        
                        
                        
        *               
         **             
        **              
                        
                        
                        
                        
                        
                        
                        
                        
                        
                        
                        
                        
[1H[J                        
                        
                        
                        
                        
                        
                        
                        
                        
         *              
          *             
        ***             
                        
                        
                        
                        
                        
                        
                        
                        
                        
                        
                        
                        
[1H[J                        
                        
                        
                        
                        
                        
                        
                        
                        
                        
        * *             
         **             
         *              
                        
                        
                        
                        
                        
                        
                        
                        
                        
                        
                        
[1H[J                        
                        
                        
                        
                        
                        
                        
                        
                        
                        
          *             
        * *             
         **             
                        
                        
                        
                        
                        
                        
                        
                        
                        
                        
                        
[1H[J                        
                        
                        
                        
                        
                        
                        
                        
                        
                        
         *              
          **            
         **             
                        
                        
                        
                        
                        
                        
                        
                        
                        
                        
                        
[1H[J                        
                        
                        
                        
                        
                        
                        
                        
                        
                        
          *             
           *            
         ***            
                        
                        
                        
                        
                        
                        
                        
                        
                        
                        
                        
[1H[J                        
                        
                        
                        
                        
                        
                        
                        
                        
                        
                        
         * *            
          **            
          *             
                        
                        
                        
                        
                        
                        
                        
                        
                        
                        
[1H[J                        
                        
                        
                        
                        
                        
                        
                        
                        
                        
                        
           *            
         * *            
          **            
                        
                        
                        
                        
                        
                        
                        
                        
                        
                        
[1H[J                        
                        
                        
                        
                        
                        
                        
                        
                        
                        
                        
          *             
           **           
          **            
                        
                        
                        
                        
                        
                        
                        
                        
                        
                        
[1H[J                        
                        
                        
                        
                        
                        
                        
                        
                        
                        
                        
           *            
            *           
          ***           
                        
                        
                        
                        
                        
                        
                        
                        
                        
                        
[1H[J                        
                        
                        
                        
                        
                        
                        
                        
                        
                        
                        
                        
          * *           
           **           
           *            
                        
                        
                        
                        
                        
                        
                        
                        
                        
[1H[J                        
                        
                        
                        
                        
                        
                        
                        
                        
                        
                        
                        
            *           
          * *           
           **           
                        
                        
                        
                        
                        
                        
                        
                        
                        
[1H[J                        
                        
                        
                        
                        
                        
                        
                        
                        
                        
                        
                        
           *            
            **          
           **           
                        
                        
                        
                        
                        
                        
                        
                        
                        
[1H[J                        
                        
                        
                        
                        
                        
                        
                        
                        
                        
                        
                        
            *           
             *          
           ***          
                        
                        
                        
                        
                        
                        
                        
                        
                        
[1H[J                        
                        
                        
                        
                        
                        
                        
                        
                        
                        
                        
                        
                        
           * *          
            **          
            *           
                        
                        
                        
                        
                        
                        
                        
                        
[1H[J                        
                        
                        
                        
                        
                        
                        
                        
                        
                        
                        
                        
                        
             *          
           * *          
            **          
                        
                        
                        
                        
                        
                        
                        
                        
[1H[J                        
                        
                        
                        
                        
                        
                        
                        
                        
                        
                        
                        
                        
            *           
             **         
            **          
                        
                        
                        
                        
                        
                        
                        
                        
[1H[J                        
                        
                        
                        
                        
                        
                        
                        
                        
                        
                        
                        
                        
             *          
              *         
            ***         
                        
                        
                        
                        
                        
                        
                        
                        
[1H[J                        
                        
                        
                        
                        
                        
                        
                        
                        
                        
                        
                        
                        
                        
            * *         
             **         
             *          
                        
                        
                        
                        
                        
                        
                        
[1H[J                        
                        
                        
                        
                        
                        
                        
                        
                        
                        
                        
                        
                        
                        
              *         
            * *         
             **         
                        
                        
                        
                        
                        
                        
                        
[1H[J                        
                        
                        
                        
                        
                        
                        
                        
                        
                        
                        
                        
                        
                        
             *          
              **        
             **         
                        
                        
                        
                        
                        
                        
                        
[1H[J                        
                        
                        
                        
                        
                        
                        
                        
                        
                        
                        
                        
                        
                        
              *         
               *        
             ***        
                        
                        
                        
                        
                        
                        
                        
[1H[J                        
                        
                        
                        
                        
                        
                        
                        
                        
                        
                        
                        
                        
                        
                        
             * *        
              **        
              *         
                        
                        
                        
                        
                        
                        
[1H[J                        
                        
                        
                        
                        
                        
                        
                        
                        
                        
                        
                        
                        
                        
                        
               *        
             * *        
              **        
                        
                        
                        
                        
                        
                        
[1H[J                        
                        
                        
                        
                        
                        
                        
                        
                        
                        
                        
                        
                        
                        
                        
              *         
               **       
              **        
                        
                        
                        
                        
                        
                        
[1H[J                        
                        
                        
                        
                        
                        
                        
                        
                        
                        
                        
                        
                        
                        
                        
               *        
                *       
              ***       
                        
                        
                        
                        
                        
                        
[1H[J                        
                        
                        
                        
                        
                        
                        
                        
                        
                        
                        
                        
                        
                        
                        
                        
              * *       
               **       
               *        
                        
                        
                        
                        
                        
[1H[J                        
                        
                        
                        
                        
                        
                        
                        
                        
                        
                        
                        
                        
                        
                        
                        
                *       
              * *       
               **       
                        
                        
                        
                        
                        
[1H[J                        
                        
                        
                        
                        
                        
                        
                        
                        
                        
                        
                        
                        
                        
                        
                        
               *        
                **      
               **       
                        
                        
                        
                        
                        
[1H[J                        
                        
                        
                        
                        
                        
                        
                        
                        
                        
                        
                        
                        
                        
                        
                        
                *       
                 *      
               ***      
                        
                        
                        
                        
                        
[1H[J                        
                        
                        
                        
                        
                        
                        
                        
                        
                        
                        
                        
                        
                        
                        
                        
                        
               * *      
                **      
                *       
                        
                        
                        
                        
[1H[J                        
                        
                        
                        
                        
                        
                        
                        
                        
                        
                        
                        
                        
                        
                        
                        
                        
                 *      
               * *      
                **      
                        
                        
                        
                        
[1H[J                        
                        
                        
                        
                        
                        
                        
                        
                        
                        
                        
                        
                        
                        
                        
                        
                        
                *       
                 **     
                **      
                        
                        
                        
                        
[1H[J                        
                        
                        
                        
                        
                        
                        
                        
                        
                        
                        
                        
                        
                        
                        
                        
                        
                 *      
                  *     
                ***     
                        
                        
                        
                        
[1H[J                        
                        
                        
                        
                        
                        
                        
                        
                        
                        
                        
                        
                        
                        
                        
                        
                        
                        
                * *     
                 **     
                 *      
                        
                        
                        
[1H[J                        
                        
                        
                        
                        
                        
                        
                        
                        
                        
                        
                        
                        
                        
                        
                        
                        
                        
                  *     
                * *     
                 **     
                        
                        
                        
[1H[J                        
                        
                        
                        
                        
                        
                        
                        
                        
                        
                        
                        
                        
                        
                        
                        
                        
                        
                 *      
                  **    
                 **     
                        
                        
                        
[1H[J                        
                        
                        
                        
                        
                        
                        
                        
                        
                        
                        
                        
                        
                        
                        
                        
                        
                        
                  *     
                   *    
                 ***    
                        
                        
                        
[1H[J                        
                        
                        
                        
                        
                        
                        
                        
                        
                        
                        
                        
                        
                        
                        
                        
                        
                        
                        
                 * *    
                  **    
                  *     
                        
                        
[1H[J                        
                        
                        
                        
                        
                        
                        
                        
                        
                        
                        
                        
                        
                        
                        
                        
                        
                        
                        
                   *    
                 * *    
                  **    
                        
                        
[1H[J                        
                        
                        
                        
                        
                        
                        
                        
                        
                        
                        
                        
                        
                        
                        
                        
                        
                        
                        
                  *     
                   **   
                  **    
                        
                        
[1H[J                        
                        
                        
                        
                        
                        
                        
                        
                        
                        
                        
                        
                        
                        
                        
                        
                        
                        
                        
                   *    
                    *   
                  ***   
                        
                        
[1H[J                        
                        
                        
                        
                        
                        
                        
                        
                        
                        
                        
                        
                        
                        
                        
                        
                        
                        
                        
                        
                  * *   
                   **   
                   *    
                        
[1H[J                        
                        
                        
                        
                        
                        
                        
                        
                        
                        
                        
                        
                        
                        
                        
                        
                        
                        
                        
                        
                    *   
                  * *   
                   **   
                        
[1H[J                        
                        
                        
                        
                        
                        
                        
                        
                        
                        
                        
                        
                        
                        
                        
                        
                        
                        
                        
                        
                   *    
                    **  
                   **   
                        
[1H[J                        
                        
                        
                        
                        
                        
                        
                        
                        
                        
                        
                        
                        
                        
                        
                        
                        
                        
                        
                        
                    *   
                     *  
                   ***  
                        
[1H[J                        
                        
                        
                        
                        
                        
                        
                        
                        
                        
                        
                        
                        
                        
                        
                        
                        
                        
                        
                        
                        
                   * *  
                    **  
                    *   
[1H[J                        
                        
                        
                        
                        
                        
                        
                        
                        
                        
                        
                        
                        
                        
                        
                        
                        
                        
                        
                        
                        
                     *  
                   * *  
                    **  
[1H[J                        
                        
                        
                        
                        
                        
                        
                        
                        
                        
                        
                        
                        
                        
                        
                        
                        
                        
                        
                        
                        
                    *   
                     ** 
                    **  
[1H[J                        
                        
                        
                        
                        
                        
                        
                        
                        
                        
                        
                        
                        
                        
                        
                        
                        
                        
                        
                        
                        
                     *  
                      * 
                    *** 
